// Jest Snapshot v1, https://goo.gl/fbAQLP

exports[`SearchBar Should render the SearchBar component 1`] = `
<div
  className="ui segment"
>
  <form
    className="ui form"
  >
    <div
      className="field"
    >
      <input
        placeholder="Image Search"
        type="text"
      />
    </div>
  </form>
</div>
`;
